[honeysticks.co.uk/indexab1d.html]
[honeysticks.co.uk/index.html]
[honeysticks.co.uk/cdn/fonts/quicksand/quicksand_n4.bf8322a9d1da765aa396ad7b6eeb81930a6214de.woff2]
[honeysticks.co.uk/cdn/fonts/quicksand/quicksand_n5.8f86b119923a62b5ca76bc9a6fb25da7a7498802.woff2]
[backblue.gif]
[fade.gif]
[index.html]
[honeysticks.co.uk/cdn/shop/files/bee-icon_32x32a461.png]
[honeysticks.co.uk/cdn/shop/files/DSC08084a603.jpg]
[honeysticks.co.uk/cdn/shop/t/5/assets/font-settings5ac7.css]
[honeysticks.co.uk/cdn/shop/t/5/assets/ico-select0d12.svg]
[honeysticks.co.uk/cdn/shop/t/5/assets/themef46f.css]
[honeysticks.co.uk/cdn/shop/t/5/assets/vendora1a9.js]
[honeysticks.co.uk/cdn/shop/t/5/assets/themee496.js]
[honeysticks.co.uk/cdn/shop/t/5/assets/ie110084.js]
[honeysticks.co.uk/checkouts/internal/preloads6116.js]
[honeysticks.co.uk/cdn/shopifycloud/shop-js/modules/v2/loader.init-shop-cart-sync.en.esm.js]
[cdn.shopify.com/shopifycloud/storefront-forms-hcaptcha/ce_storefront_forms_captcha_hcaptcha.v1.5.2.iife.js]
[honeysticks.co.uk/cdn/shopifycloud/storefront/assets/storefront/load_feature-1bd60354.js]
[honeysticks.co.uk/cdn/shopifycloud/storefront/assets/shopify_pay/storefront-bf1cdb705501.js]
[cdn.shopify.com/shopifycloud/storefront/assets/storefront/origin_trials-c173577b.js]
[honeysticks.co.uk/cdn/shopifycloud/portable-wallets/latest/portable-wallets.en.js]
[honeysticks.co.uk/cdn/shopifycloud/portable-wallets/latest/accelerated-checkout-backwards-compat.css]
[cdn.shopify.com/extensions/019ed121-2a76-709c-a848-8d374c267ecd/gdpr-cookie-consent-346/assets/pandectes-core.js]
[static.klaviyo.com/onsite/js/YznaTG/klaviyo3601.js]
[cdn.shopify.com/extensions/019ed58b-bfab-7a6d-a8f6-e47e34abed55/product-label-4-360/assets/samita.ProductLabels.index.js]
[honeysticks.co.uk/POST.24.delayed]
[honeysticks.co.uk/cdn]
[honeysticks.co.uk/cdn/s/trekkie.storefront.370ef8ffef154dc56bb5a814fea4666724353464.min.js]
[honeysticks.co.uk/cdn/shopifycloud/storefront/assets/shop_events_listener-4e26a9ce.js]
[honeysticks.co.uk/cdn/shopifycloud/perf-kit/shopify-perf-kit-3.5.2.min.js]
[honeysticks.co.uk/cdn/shop/files/Honeysticks_Logo_RGB_stacked9bf0.png]
[honeysticks.co.uk/cdn/shop/files/Honeysticks-Logo-RGB_stacked_whiteb12a.png]
[honeysticks.co.uk/cart.html]
[honeysticks.co.uk/collections/all.html]
[honeysticks.co.uk/pages/crayon-grip-guide.html]
[honeysticks.co.uk/pages/about-us.html]
[honeysticks.co.uk/pages/sustainability.html]
[honeysticks.co.uk/pages/scribble-bee.html]
[honeysticks.co.uk/search.html]
[honeysticks.co.uk/cdn/shop/files/A_World_Of_Pure_Creation3ed8.png]
[honeysticks.co.uk/cdn/shop/files/homepage-banner-06a310.jpg]
[honeysticks.co.uk/cdn/shop/files/homepage-break-image4dd3.gif]
[honeysticks.co.uk/cdn/shop/files/Safer-for-Little-Creators4639.png]
[honeysticks.co.uk/cdn/shop/files/bee-icon1883.gif]
[honeysticks.co.uk/cdn/shop/files/rainbow-icon-v23ef3.png]
[honeysticks.co.uk/cdn/shop/files/crayons-icon-v2a2b4.png]
[honeysticks.co.uk/cdn/shop/files/earth-icon-v2cb2a.png]
[honeysticks.co.uk/cdn/shop/files/background-divider-shallow3453.png]
[honeysticks.co.uk/cdn/shop/files/Featured-collections97b2.png]
[honeysticks.co.uk/products/honeysticks-originals-12pk.html]
[honeysticks.co.uk/cdn/shop/files/Originals12pkc9d4.png]
[honeysticks.co.uk/cdn/shop/files/Originals12pk_648ed.jpg]
[honeysticks.co.uk/cdn/shop/files/preview_images/fa00ec0ab9f8409296abc94de22d8c9a.thumbnail.0000000000bcf6.jpg]
[honeysticks.co.uk/products/honeysticks-beeswax-crayons-jumbos-16pk.html]
[honeysticks.co.uk/cdn/shop/files/CJ161491.png]
[honeysticks.co.uk/cdn/shop/files/C382a.jpg]
[honeysticks.co.uk/cdn/shop/files/C_3382a.jpg]
[honeysticks.co.uk/products/honeysticks-finger-paint-set.html]
[honeysticks.co.uk/cdn/shop/files/FP60ml_17d5a.png]
[honeysticks.co.uk/cdn/shop/files/FP60ml_1af01.jpg]
[honeysticks.co.uk/cdn/shop/files/FP60ml_2d7f1.jpg]
[honeysticks.co.uk/products/honeysticks-bath-crayon-super-jumbos.html]
[honeysticks.co.uk/cdn/shop/files/BathCrayonsSJs405d.png]
[honeysticks.co.uk/cdn/shop/files/BathCrayonSJs_59b7f.jpg]
[honeysticks.co.uk/cdn/shop/files/preview_images/f3014f00f5b54bd68598e10a16d2eb00.thumbnail.00000000002470.jpg]
[honeysticks.co.uk/products/honeysticks-bubble-bath.html]
[honeysticks.co.uk/cdn/shop/files/BBD2C84d8.png]
[honeysticks.co.uk/cdn/shop/files/Bubble_206f1.jpg]
[honeysticks.co.uk/cdn/shop/files/Bubble-Bath_22ab3.jpg]
[honeysticks.co.uk/products/honeysticks-originals-pastel-12pk.html]
[honeysticks.co.uk/cdn/shop/files/ORIP_1d5e8.png]
[honeysticks.co.uk/cdn/shop/files/ORIP_18339.jpg]
[honeysticks.co.uk/cdn/shop/files/ORI_78339.jpg]
[honeysticks.co.uk/products/honeysticks-triangles-10pk.html]
[honeysticks.co.uk/cdn/shop/files/HCRTR1041d2.png]
[honeysticks.co.uk/cdn/shop/files/Honeysticks39947_Web38b6.jpg]
[honeysticks.co.uk/cdn/shop/files/HoneysticksSept8and924831f6e5.png]
[honeysticks.co.uk/products/honeysticks-jumbos-8pk.html]
[honeysticks.co.uk/cdn/shop/files/CJ8pk_16cad.png]
[honeysticks.co.uk/cdn/shop/files/CJ8pk_2b8da.jpg]
[honeysticks.co.uk/cdn/shop/files/CJ8pk_4b8da.jpg]
[honeysticks.co.uk/products/honeysticks-beeswax-crayons-jumbos-24pk.html]
[honeysticks.co.uk/cdn/shop/files/CJ24_64124b39-fa0b-4096-a093-4ca7edf442edf3c0.png]
[honeysticks.co.uk/cdn/shop/files/CJ3276.jpg]
[honeysticks.co.uk/cdn/shop/files/CJP24b120.jpg]
[honeysticks.co.uk/products/honeysticks-super-jumbos-6pk.html]
[honeysticks.co.uk/cdn/shop/files/SJ6pk_63bce.png]
[honeysticks.co.uk/cdn/shop/files/SJ6pk_1462c.jpg]
[honeysticks.co.uk/cdn/shop/files/SJ6pk462c.jpg]
[honeysticks.co.uk/products/honeysticks-ultimate-bath-set.html]
[honeysticks.co.uk/cdn/shop/files/UBFS_2c1ac.png]
[honeysticks.co.uk/cdn/shop/files/Bath_Cr_4a5cc.jpg]
[honeysticks.co.uk/cdn/shop/files/UBFS_1b02c.jpg]
[honeysticks.co.uk/products/honeysticks-bath-crayon-triangles-10pk.html]
[honeysticks.co.uk/cdn/shop/files/Bath-Crayons2_2dcc4a48-2928-4de6-b1e9-d88a11b868761972.png]
[honeysticks.co.uk/cdn/shop/files/Bath-Crayons3bbf8.jpg]
[honeysticks.co.uk/cdn/shop/files/Bath-Crayons4bbf8.jpg]
[honeysticks.co.uk/products/honeysticks-my-first-paintbrush.html]
[honeysticks.co.uk/cdn/shop/files/FirstPaintbrush632d.png]
[honeysticks.co.uk/cdn/shop/files/HoneysticksAMZProductShoot10492_Web23a0.jpg]
[honeysticks.co.uk/cdn/shop/files/HoneysticksBrandStudioShoot5093_Edit2_Web5ba0.jpg]
[honeysticks.co.uk/products/honeysticks-jumbo-paint-brush.html]
[honeysticks.co.uk/cdn/shop/files/JPB3pk_139f2.png]
[honeysticks.co.uk/cdn/shop/files/JP_4057f.jpg]
[honeysticks.co.uk/cdn/shop/files/JP_3057f.jpg]
[honeysticks.co.uk/products/honeysticks-watercolour-paint-set.html]
[honeysticks.co.uk/cdn/shop/files/WC8_1_761467b8-4ccc-44f7-ba46-e9594f1b119cb8dd.png]
[honeysticks.co.uk/cdn/shop/files/WC8_2e85d.jpg]
[honeysticks.co.uk/cdn/shop/files/WC8_17ef7.jpg]
[honeysticks.co.uk/cdn/shop/files/five-stars0cf9.png]
[honeysticks.co.uk/cdn/shop/files/We-Dont-Play-Dirty4d02.png]
[honeysticks.co.uk/cdn/shop/files/Purple-background-2a9f8.jpg]
[honeysticks.co.uk/cdn/shop/files/light-blue-cloud-top6ff0.png]
[honeysticks.co.uk/cdn/shop/files/Honeysticks-world-footer-beedba3.gif]
[honeysticks.co.uk/cdn/shop/files/Honeysticks_Logo_RGB_stackedd6fd.png]
[honeysticks.co.uk/pages/contact-us.html]
[honeysticks.co.uk/pages/faq.html]
[honeysticks.co.uk/blogs/honeysticks.html]
[honeysticks.co.uk/indexab1d.html]
[honeysticks.co.uk/index.html]
[honeysticks.co.uk/cdn/shop/t/5/assets/font-settings5ac7.css]
[honeysticks.co.uk/cdn/shop/t/5/assets/ico-select0d12.svg]
[cdn.shopify.com/storefront/standard-actions.js]
[honeysticks.co.uk/cdn/s/assets/gift-card/corner-top-left-2ba3edcd9e97ba146cd01a8161365c5e.svg]
[honeysticks.co.uk/cdn/s/assets/gift-card/corner-bottom-right-1fb9bf49ff9564325e6b7c0fb0a7ff45.svg]
[honeysticks.co.uk/cdn/s/assets/gift-card/icon-print-164daa1ae32d10d1f9b83ac21b6f2c70.png]
[honeysticks.co.uk/cdn/shop/t/5/assets/themef46f.css]
[shop.app/checkouts/internal/preloadsc21a.js]
[honeysticks.co.uk/cdn/shopifycloud/portable-wallets/latest/accelerated-checkout-backwards-compat.css]
[honeysticks.co.uk/POST.html]
[honeysticks.co.uk/cdn.html]
[honeysticks.co.uk/cart.html]
[honeysticks.co.uk/cdn/s/assets/gift-card/icon-print-6a10b2fb86d223b8c783c9696eaf4c31.svg]
[honeysticks.co.uk/collections/all.atom]
[honeysticks.co.uk/collections/POST]
[honeysticks.co.uk/collections/brushes-paints.html]
[honeysticks.co.uk/collections/bath-products.html]
[honeysticks.co.uk/collections/beeswax-crayons.html]
[honeysticks.co.uk/collections/beeswax-pencils.html]
[honeysticks.co.uk/collections/featured-products.html]
[honeysticks.co.uk/collections/gift-sets-and-colouring.html]
[honeysticks.co.uk/collections/gifting-under-50.html]
[honeysticks.co.uk/collections/all-products.html]
[honeysticks.co.uk/products/honeysticks-jumbo-triangles.html]
[honeysticks.co.uk/cdn/shop/files/JTP12pk_1d474.png]
[honeysticks.co.uk/cdn/shop/files/JTP12pk_170b6.jpg]
[honeysticks.co.uk/cdn/shop/files/preview_images/63bc84eef8af4fccacbc400020f3501f.thumbnail.0000000000f263.jpg]
[honeysticks.co.uk/products/honeysticks-little-learners.html]
[honeysticks.co.uk/cdn/shop/files/LLP8pk_10e25.png]
[honeysticks.co.uk/cdn/shop/files/LLP8pk_30faa.jpg]
[honeysticks.co.uk/cdn/shop/files/LLP8pk_10faa.jpg]
[honeysticks.co.uk/cdn/shop/files/honeysticks-world-footer-shallowc4d3.png]
[honeysticks.co.uk/collections/all.html]
[honeysticks.co.uk/pages/POST]
[honeysticks.co.uk/cdn/shop/files/3-crayon-animation4c87.gif]
[honeysticks.co.uk/cdn/shop/files/light-blue-scribble-background9c67.png]
[honeysticks.co.uk/collections/originals-triangles.html]
[honeysticks.co.uk/cdn/shop/files/scribblea630.png]
[honeysticks.co.uk/cdn/shop/files/drawd012.png]
[honeysticks.co.uk/cdn/shop/files/writea630.png]
[honeysticks.co.uk/cdn/shop/files/Colouring-your-world-blueecc6.png]
[honeysticks.co.uk/cdn/shop/files/pink-scribble-background6354.png]
[honeysticks.co.uk/pages/crayon-grip-guide.html]
[honeysticks.co.uk/cdn/shop/files/HS-non-toxic-ingredients-icond2b1.png]
[honeysticks.co.uk/cdn/shop/files/HS-natural-beeswax-scent-icond2b1.png]
[honeysticks.co.uk/cdn/shop/files/HS-natural-ingredients-icond2b1.png]
[honeysticks.co.uk/cdn/shop/files/HS-sustainably-sourced-icond2b1.png]
[honeysticks.co.uk/cdn/shop/files/blue-cloud-top06bd.png]
[honeysticks.co.uk/cdn/shop/files/let_s-have-some-fun52ba.gif]
[honeysticks.co.uk/cdn/shop/files/pink-green-scribble-backgroundc476.png]
[honeysticks.co.uk/cdn/shop/files/discover-the-honeysticks-difference02a1.png]
[honeysticks.co.uk/cdn/shop/files/scribble-background0738.png]
[honeysticks.co.uk/pages/about-us.html]
[honeysticks.co.uk/cdn/shop/files/Gentle-on-their-worldee6f.gif]
[honeysticks.co.uk/cdn/shop/files/bright-green-scribble-background27be.jpg]
[honeysticks.co.uk/cdn/shop/files/creating-a-better-tomorrow..ad87.png]
[honeysticks.co.uk/cdn/shop/files/scribble-background-blue-bottomc621.png]
[honeysticks.co.uk/cdn/shop/files/Honeysticks_Beeswaxf619.png]
[honeysticks.co.uk/cdn/shop/files/like-honey-to-the-bee4dbe.png]
[honeysticks.co.uk/cdn/shop/files/bee-icon5a7f.png]
[honeysticks.co.uk/cdn/shop/files/Making-of-Honeysticks-Illustrationdf18.png]
[honeysticks.co.uk/cdn/shop/files/beeswax-va-paraffine7ba.png]
[honeysticks.co.uk/cdn/shop/files/honeysticks-crayons-shd8124.png]
[honeysticks.co.uk/cdn/shop/files/HS-natural-waxes-icond2b1.png]
[honeysticks.co.uk/cdn/shop/files/better-for-the-world-planet-276ad.png]
[honeysticks.co.uk/cdn/shop/files/green-on-green-scribble-narrow-background141a.jpg]
[honeysticks.co.uk/pages/sustainability.html]
[honeysticks.co.uk/cdn/shop/files/meet-scribble-beecd07.png]
[honeysticks.co.uk/cdn/shop/files/bee-icon-v382d8.gif]
[honeysticks.co.uk/cdn/shop/files/Purple-background-3251f.png]
[honeysticks.co.uk/pages/scribble-bee.html]
[honeysticks.co.uk/search.html]
[honeysticks.co.uk/cdn/shop/files/Originals12pkfe11.png]
[honeysticks.co.uk/cdn/shop/files/Originals12pk_6fe11.jpg]
[honeysticks.co.uk/cdn/shop/files/preview_images/fa00ec0ab9f8409296abc94de22d8c9a.thumbnail.000000000085da.jpg]
[honeysticks.co.uk/products/honeysticks-originals-12pk.oembed]
[honeysticks.co.uk/products/POST]
[honeysticks.co.uk/cdn/shop/files/preview_images/fa00ec0ab9f8409296abc94de22d8c9a.thumbnail.0000000000_1024x102485da.jpg]
[honeysticks.co.uk/cdn/shop/videos/c/vp/fa00ec0ab9f8409296abc94de22d8c9a/fa00ec0ab9f8409296abc94de22d8c9a.HD-720p-1.6Mbps-64688361a4f0.mp4]
[honeysticks.co.uk/cdn/shop/files/Originals12pk_71954.jpg]
[honeysticks.co.uk/cdn/shop/files/Originals12pk_848ed.jpg]
[honeysticks.co.uk/cdn/shop/files/Originals12pk_51954.jpg]
[honeysticks.co.uk/cdn/shop/files/Originals12pk_148ed.jpg]
[honeysticks.co.uk/cdn/shop/files/Originals12pk_348ed.jpg]
[honeysticks.co.uk/cdn/shop/files/HS_crayonstagesinfographic_1080x1080px_V2_NZ2ada.jpg]
[honeysticks.co.uk/products/honeysticks-originals-12pk.html]
[honeysticks.co.uk/cdn/shop/files/CJ1609d7.png]
[honeysticks.co.uk/cdn/shop/files/C09d7.jpg]
[honeysticks.co.uk/cdn/shop/files/C_309d7.jpg]
[honeysticks.co.uk/products/honeysticks-beeswax-crayons-jumbos-16pk.oembed]
[honeysticks.co.uk/cdn/shop/files/CJ16p382a.jpg]
[honeysticks.co.uk/cdn/shop/files/HS_crayonstagesinfographic_1080x1080px_V2_NZ_21aaed56-def8-4800-85d3-be46fb0bbefd4032.jpg]
[honeysticks.co.uk/cdn/shop/files/CJ8pk_1_957ab6fa-390e-4f64-aece-bab391973d68382a.jpg]
[honeysticks.co.uk/cdn/shop/files/CJ8pk_6_f19c8c2e-b13f-4edb-923f-a6b598b3228e382a.jpg]
[honeysticks.co.uk/cdn/shop/files/CJ8pk_8_49c83626-0d8d-4cde-aa9c-8253914cebe7a465.jpg]
[honeysticks.co.uk/cdn/shop/files/CJ8pk_7_32b164fd-6a1c-43ff-9975-b26d7db3f2163998.jpg]
[honeysticks.co.uk/cdn/shop/files/CJ8pk_3_6369963e-ff04-4b4f-85b9-923fc3ca829aa465.jpg]
[honeysticks.co.uk/products/honeysticks-beeswax-crayons-jumbos-16pk.html]
[honeysticks.co.uk/cdn/shop/files/FP60ml_19936.png]
[honeysticks.co.uk/cdn/shop/files/FP60ml_1e0b4.jpg]
[honeysticks.co.uk/cdn/shop/files/FP60ml_25867.jpg]
[honeysticks.co.uk/products/honeysticks-finger-paint-set.oembed]
[honeysticks.co.uk/cdn/shop/files/FP60ml_3af01.jpg]
[honeysticks.co.uk/cdn/shop/files/FP60ml_4c8a5.jpg]
[honeysticks.co.uk/cdn/shop/files/FP60ml_5060b.jpg]
[honeysticks.co.uk/cdn/shop/files/FP60ml_6c8a5.jpg]
[honeysticks.co.uk/cdn/shop/files/FP60ml_7c8a5.jpg]
[honeysticks.co.uk/products/honeysticks-finger-paint-set.html]
[honeysticks.co.uk/cdn/shop/files/BathCrayonsSJs232c.png]
[honeysticks.co.uk/cdn/shop/files/BathCrayonSJs_5232c.jpg]
[honeysticks.co.uk/cdn/shop/files/preview_images/f3014f00f5b54bd68598e10a16d2eb00.thumbnail.000000000077f8.jpg]
[honeysticks.co.uk/products/honeysticks-bath-crayon-super-jumbos.oembed]
[honeysticks.co.uk/cdn/shop/files/preview_images/f3014f00f5b54bd68598e10a16d2eb00.thumbnail.0000000000_1024x102477f8.jpg]
[honeysticks.co.uk/cdn/shop/videos/c/vp/f3014f00f5b54bd68598e10a16d2eb00/f3014f00f5b54bd68598e10a16d2eb00.HD-720p-1.6Mbps-64745583a4f0.mp4]
[honeysticks.co.uk/cdn/shop/files/BathCrayonSJs_3bc91.jpg]
[honeysticks.co.uk/cdn/shop/files/BathCrayonSJs_27626.jpg]
[honeysticks.co.uk/cdn/shop/files/Cleaning_Honeysticks_Bath_Crayons7c48.jpg]
[honeysticks.co.uk/cdn/shop/files/Honeysticks_Bath_Crayons_Joy7c48.jpg]
[honeysticks.co.uk/products/honeysticks-bath-crayon-super-jumbos.html]
[honeysticks.co.uk/cdn/shop/files/BBD2C205e.png]
[honeysticks.co.uk/cdn/shop/files/Bubble_2205e.jpg]
[honeysticks.co.uk/cdn/shop/files/Bubble-Bath_2205e.jpg]
[honeysticks.co.uk/products/honeysticks-bubble-bath.oembed]
[honeysticks.co.uk/cdn/shop/files/preview_images/9d42d6683aeb4ecb99d142eec3301ea5.thumbnail.0000000000_1024x1024576b.jpg]
[honeysticks.co.uk/cdn/shop/videos/c/vp/9d42d6683aeb4ecb99d142eec3301ea5/9d42d6683aeb4ecb99d142eec3301ea5.SD-480p-0.9Mbps-64746261a4f0.mp4]
[honeysticks.co.uk/cdn/shop/files/Bubble-Bath_32ab3.jpg]
[honeysticks.co.uk/cdn/shop/files/BBD2C_2e4c0.jpg]
[honeysticks.co.uk/cdn/shop/files/Bubble-Bath_468a1.jpg]
[honeysticks.co.uk/cdn/shop/files/BBD2C_18691.jpg]
[honeysticks.co.uk/cdn/shop/files/HS_stepsgraphic_NZ2ab3.jpg]
[honeysticks.co.uk/products/honeysticks-bubble-bath.html]
[honeysticks.co.uk/cdn/shop/files/ORIP_10b08.png]
[honeysticks.co.uk/cdn/shop/files/ORIP_10b08.jpg]
[honeysticks.co.uk/cdn/shop/files/ORI_70b08.jpg]
[honeysticks.co.uk/products/honeysticks-originals-pastel-12pk.oembed]
[honeysticks.co.uk/cdn/shop/files/ORI_3508f.jpg]
[honeysticks.co.uk/cdn/shop/files/HS_crayonstagesinfographic_1080x1080px_V2_NZ_5b955b43-87fe-4ae4-9082-fa44394dd33afe84.jpg]
[honeysticks.co.uk/cdn/shop/files/ORI_48339.jpg]
[honeysticks.co.uk/cdn/shop/files/ORI_5974d.jpg]
[honeysticks.co.uk/cdn/shop/files/ORI_6508f.jpg]
[honeysticks.co.uk/cdn/shop/files/ORI974d.jpg]
[honeysticks.co.uk/products/honeysticks-originals-pastel-12pk.html]
[honeysticks.co.uk/cdn/shop/files/HCRTR102d8e.png]
[honeysticks.co.uk/cdn/shop/files/Honeysticks39947_Web2d8e.jpg]
[honeysticks.co.uk/cdn/shop/files/HoneysticksSept8and9248312d8e.png]
[honeysticks.co.uk/products/honeysticks-triangles-10pk.oembed]
[honeysticks.co.uk/cdn/shop/files/HoneySticksTriangles-841d2.jpg]
[honeysticks.co.uk/cdn/shop/files/HONEYSTICKSEDITS-2938b6.png]
[honeysticks.co.uk/cdn/shop/files/hs26th-2738b6.jpg]
[honeysticks.co.uk/cdn/shop/files/59E75690-5417-4C75-BEFC-4B07037B5F3641d2.png]
[honeysticks.co.uk/products/honeysticks-triangles-10pk.html]
[honeysticks.co.uk/cdn/shop/files/CJ8pk_135a3.png]
[honeysticks.co.uk/cdn/shop/files/CJ8pk_2b4ac.jpg]
[honeysticks.co.uk/cdn/shop/files/CJ8pk_4b4ac.jpg]
[honeysticks.co.uk/products/honeysticks-jumbos-8pk.oembed]
[honeysticks.co.uk/cdn/shop/files/CJ8pk_5b8da.jpg]
[honeysticks.co.uk/cdn/shop/files/HS_crayonstagesinfographic_1080x1080px_V2_NZ_60ceff2f-80ef-4b22-90ef-3f19377bb24c2a6b.jpg]
[honeysticks.co.uk/cdn/shop/files/CJ8pk_1b8da.jpg]
[honeysticks.co.uk/cdn/shop/files/CJ8pk_6b8da.jpg]
[honeysticks.co.uk/cdn/shop/files/CJ8pk_8e820.jpg]
[honeysticks.co.uk/cdn/shop/files/CJ8pk_71da4.jpg]
[honeysticks.co.uk/cdn/shop/files/CJ8pk_3e820.jpg]
[honeysticks.co.uk/products/honeysticks-jumbos-8pk.html]
[honeysticks.co.uk/cdn/shop/files/CJ24_64124b39-fa0b-4096-a093-4ca7edf442edc59d.png]
[honeysticks.co.uk/cdn/shop/files/CJc59d.jpg]
[honeysticks.co.uk/cdn/shop/files/CJP24c59d.jpg]
[honeysticks.co.uk/products/honeysticks-beeswax-crayons-jumbos-24pk.oembed]
[honeysticks.co.uk/cdn/shop/files/HS_crayonstagesinfographic_1080x1080px_V2_NZ_279ddfca-0878-4286-9dfa-a001f94dc9b81abc.jpg]
[honeysticks.co.uk/cdn/shop/files/CJ8pk_1_17791124-4143-4197-8bdb-1b52c63ea6afb120.jpg]
[honeysticks.co.uk/cdn/shop/files/CJ8pk_6_c240f71e-a70f-41d3-ac56-ce323107916bb120.jpg]
[honeysticks.co.uk/cdn/shop/files/CJ8pk_8_bf9847e6-9db9-41b6-b9b5-b9469b4791c00713.jpg]
[honeysticks.co.uk/cdn/shop/files/CJ8pk_7_f5706401-5acd-4e49-a5ce-ad826bd7793ff89e.jpg]
[honeysticks.co.uk/cdn/shop/files/CJ8pk_3_2c7450b2-8d49-42fe-85da-3f1eefc05bc00713.jpg]
[honeysticks.co.uk/products/honeysticks-beeswax-crayons-jumbos-24pk.html]
[honeysticks.co.uk/cdn/shop/files/SJ6pk_6927d.png]
[honeysticks.co.uk/cdn/shop/files/SJ6pk_1927d.jpg]
[honeysticks.co.uk/cdn/shop/files/SJ6pk927d.jpg]
[honeysticks.co.uk/products/honeysticks-super-jumbos-6pk.oembed]
[honeysticks.co.uk/cdn/shop/files/SJ6pk_4328d.jpg]
[honeysticks.co.uk/cdn/shop/files/SJ6pk_3328d.jpg]
[honeysticks.co.uk/cdn/shop/files/SJ6pk_5328d.jpg]
[honeysticks.co.uk/cdn/shop/files/HS_crayonstagesinfographic_1080x1080px_V2_NZ_de2a6fa0-9708-41f1-89c8-5e7467f68ae41f2d.jpg]
[honeysticks.co.uk/products/honeysticks-super-jumbos-6pk.html]
[honeysticks.co.uk/cdn/shop/files/UBFS_21114.png]
[honeysticks.co.uk/cdn/shop/files/Bath_Cr_41114.jpg]
[honeysticks.co.uk/cdn/shop/files/UBFS_11114.jpg]
[honeysticks.co.uk/products/honeysticks-ultimate-bath-set.oembed]
[honeysticks.co.uk/cdn/shop/files/Bath_Cr_3b02c.jpg]
[honeysticks.co.uk/cdn/shop/files/Bath_Drops_27pk_1b02c.jpg]
[honeysticks.co.uk/cdn/shop/files/Bath_Drops_27pk_202d9.jpg]
[honeysticks.co.uk/products/honeysticks-ultimate-bath-set.html]
[honeysticks.co.uk/cdn/shop/files/Bath-Crayons2_2dcc4a48-2928-4de6-b1e9-d88a11b86876d099.png]
[honeysticks.co.uk/cdn/shop/files/Bath-Crayons3d099.jpg]
[honeysticks.co.uk/cdn/shop/files/Bath-Crayons4d099.jpg]
[honeysticks.co.uk/products/honeysticks-bath-crayon-triangles-10pk.oembed]
[honeysticks.co.uk/cdn/shop/files/Bath-Crayons5bbf8.jpg]
[honeysticks.co.uk/cdn/shop/files/Bath-Crayons1bbf8.jpg]
[honeysticks.co.uk/cdn/shop/files/Bath-Crayons6bbf8.jpg]
[honeysticks.co.uk/cdn/shop/files/Bath-Crayons7bbf8.jpg]
[honeysticks.co.uk/products/honeysticks-bath-crayon-triangles-10pk.html]
[honeysticks.co.uk/cdn/shop/files/FirstPaintbrush6909.png]
[honeysticks.co.uk/cdn/shop/files/HoneysticksAMZProductShoot10492_Web6909.jpg]
[honeysticks.co.uk/cdn/shop/files/HoneysticksBrandStudioShoot5093_Edit2_Web9f5c.jpg]
[honeysticks.co.uk/products/honeysticks-my-first-paintbrush.oembed]
[honeysticks.co.uk/cdn/shop/files/HoneysticksBrandStudioShoot5470_Edit2_Web23a0.jpg]
[honeysticks.co.uk/cdn/shop/files/MFB_5_df37c9a4-8417-442f-8653-13c93ecba278695c.jpg]
[honeysticks.co.uk/products/honeysticks-my-first-paintbrush.html]
[honeysticks.co.uk/cdn/shop/files/JPB3pk_11b74.png]
[honeysticks.co.uk/cdn/shop/files/JP_41b74.jpg]
[honeysticks.co.uk/cdn/shop/files/JP_31b74.jpg]
[honeysticks.co.uk/products/honeysticks-jumbo-paint-brush.oembed]
[honeysticks.co.uk/cdn/shop/files/JP_2057f.jpg]
[honeysticks.co.uk/cdn/shop/files/JP_5057f.jpg]
[honeysticks.co.uk/cdn/shop/files/JP_14d07.jpg]
[honeysticks.co.uk/products/honeysticks-jumbo-paint-brush.html]
[honeysticks.co.uk/cdn/shop/files/WC8_1_761467b8-4ccc-44f7-ba46-e9594f1b119ceedd.png]
[honeysticks.co.uk/cdn/shop/files/WC8_2eedd.jpg]
[honeysticks.co.uk/cdn/shop/files/WC8_1eedd.jpg]
[honeysticks.co.uk/products/honeysticks-watercolour-paint-set.oembed]
[honeysticks.co.uk/cdn/shop/files/WC8_37ef7.jpg]
[honeysticks.co.uk/products/honeysticks-watercolour-paint-set.html]
[honeysticks.co.uk/pages/contact-us.html]
[honeysticks.co.uk/cdn/shop/files/FAQ1436.png]
[honeysticks.co.uk/cdn/shop/files/pink-scribble-background_a132fb62-01c0-451c-9b23-4017a47d5d7d606c.png]
[honeysticks.co.uk/pages/faq.html]
[honeysticks.co.uk/blogs/honeysticks.atom]
[honeysticks.co.uk/blogs/POST.224.delayed]
[honeysticks.co.uk/cdn/shop/files/purple-cloud-top05d7.png]
[honeysticks.co.uk/cdn/shop/articles/DSC07912_copy5839.jpg]
[honeysticks.co.uk/blogs/honeysticks/why-you-should-choose-beeswax-crayons-for-your-child.html]
[honeysticks.co.uk/cdn/shop/files/purple-cloud-bottom4885.png]
[honeysticks.co.uk/blogs/honeysticks/honeysticks-has-a-new-look-💛.html]
[honeysticks.co.uk/cdn/shop/articles/Honeysticks_A_world_of_pure_creation_e3255780-acf3-48c5-8a05-bab0e7e3448fa622.jpg]
[honeysticks.co.uk/blogs/honeysticks/take-the-challenge-this-plastic-free-july.html]
[honeysticks.co.uk/cdn/shop/articles/DSC_7366_1e1be.jpg]
[honeysticks.co.uk/blogs/honeysticks/introduction.html]
[honeysticks.co.uk/cdn/shop/articles/DSC01012_520x500_f3dcc62f-1e0f-4767-a514-ab95477d864df10a.jpg]
[honeysticks.co.uk/blogs/honeysticks/developing-pencil-grip-what-to-expect-from-your-child.html]
[honeysticks.co.uk/cdn/shop/articles/Kids_and_Crayons-4487-Edit_520x500_e21d72c0-b8f8-4cdf-b27a-6fc97f79ff7debae.jpg]
[honeysticks.co.uk/blogs/honeysticks.html]
[honeysticks.co.uk/cdn/s/assets/gift-card/corner-top-left-2ba3edcd9e97ba146cd01a8161365c5e.svg]
[honeysticks.co.uk/cdn/s/assets/gift-card/corner-bottom-right-1fb9bf49ff9564325e6b7c0fb0a7ff45.svg]
[honeysticks.co.uk/cdn/s/assets/gift-card/icon-print-6a10b2fb86d223b8c783c9696eaf4c31.svg]
[honeysticks.co.uk/collections/POST.html]
[honeysticks.co.uk/collections/brushes-paints.atom]
[honeysticks.co.uk/collections/brushes-paints.oembed]
[honeysticks.co.uk/collections/brushes-paints.html]
[honeysticks.co.uk/collections/bath-products.atom]
[honeysticks.co.uk/collections/bath-products.oembed]
[honeysticks.co.uk/collections/bath-products.html]
[honeysticks.co.uk/collections/beeswax-crayons.atom]
[honeysticks.co.uk/collections/beeswax-crayons.oembed]
[honeysticks.co.uk/collections/beeswax-crayons.html]
[honeysticks.co.uk/collections/beeswax-pencils.atom]
[honeysticks.co.uk/collections/beeswax-pencils.oembed]
[honeysticks.co.uk/collections/beeswax-pencils.html]
[honeysticks.co.uk/collections/featured-products.atom]
[honeysticks.co.uk/collections/featured-products.oembed]
[honeysticks.co.uk/collections/featured-products.html]
[honeysticks.co.uk/collections/gift-sets-and-colouring.atom]
[honeysticks.co.uk/collections/gift-sets-and-colouring.oembed]
[honeysticks.co.uk/collections/gift-sets-and-colouring.html]
[honeysticks.co.uk/collections/gifting-under-50.atom]
[honeysticks.co.uk/collections/gifting-under-50.oembed]
[honeysticks.co.uk/collections/gifting-under-50.html]
[honeysticks.co.uk/collections/all-products.atom]
[honeysticks.co.uk/collections/all-products.oembed]
[honeysticks.co.uk/collections/all-products.html]
[honeysticks.co.uk/cdn/shop/files/JTP12pk_18fb1.png]
[honeysticks.co.uk/cdn/shop/files/JTP12pk_18fb1.jpg]
[honeysticks.co.uk/cdn/shop/files/preview_images/63bc84eef8af4fccacbc400020f3501f.thumbnail.00000000002a6a.jpg]
[honeysticks.co.uk/products/honeysticks-jumbo-triangles.oembed]
[honeysticks.co.uk/cdn/shop/files/preview_images/63bc84eef8af4fccacbc400020f3501f.thumbnail.0000000000_1024x10242a6a.jpg]
[honeysticks.co.uk/cdn/shop/videos/c/vp/63bc84eef8af4fccacbc400020f3501f/63bc84eef8af4fccacbc400020f3501f.HD-720p-1.6Mbps-64747056a4f0.mp4]
[honeysticks.co.uk/cdn/shop/files/JTP12pk_82ded.jpg]
[honeysticks.co.uk/cdn/shop/files/JTP12pk_92ded.jpg]
[honeysticks.co.uk/cdn/shop/files/JTP12pk_102ded.jpg]
[honeysticks.co.uk/cdn/shop/files/JTP12pk_112ded.jpg]
[honeysticks.co.uk/cdn/shop/files/JTP12pk_270b6.jpg]
[honeysticks.co.uk/cdn/shop/files/JTP12pk_3885d.jpg]
[honeysticks.co.uk/cdn/shop/files/JTP12pk_4c930.jpg]
[honeysticks.co.uk/cdn/shop/files/JTP12pk_5c930.jpg]
[honeysticks.co.uk/cdn/shop/files/JTP12pk_6c930.jpg]
[honeysticks.co.uk/cdn/shop/files/JTP12pk_770b6.jpg]
[honeysticks.co.uk/products/honeysticks-jumbo-triangles.html]
[honeysticks.co.uk/cdn/shop/files/LLP8pk_1981a.png]
[honeysticks.co.uk/cdn/shop/files/LLP8pk_3981a.jpg]
[honeysticks.co.uk/cdn/shop/files/LLP8pk_1981a.jpg]
[honeysticks.co.uk/products/honeysticks-little-learners.oembed]
[honeysticks.co.uk/cdn/shop/files/LLP8pk_20faa.jpg]
[honeysticks.co.uk/cdn/shop/files/preview_images/bc9e3f2ae6bc4604b3a96cc4dd9d9f97.thumbnail.0000000000_1024x1024b8c3.jpg]
[honeysticks.co.uk/cdn/shop/videos/c/vp/bc9e3f2ae6bc4604b3a96cc4dd9d9f97/bc9e3f2ae6bc4604b3a96cc4dd9d9f97.HD-720p-1.6Mbps-64746881a4f0.mp4]
[honeysticks.co.uk/cdn/shop/files/LLP8pk_41390.jpg]
[honeysticks.co.uk/cdn/shop/files/LLP8pk_5b7c8.jpg]
[honeysticks.co.uk/cdn/shop/files/LLP8pk_66087.jpg]
[honeysticks.co.uk/cdn/shop/files/LLP8pk_76087.jpg]
[honeysticks.co.uk/products/honeysticks-little-learners.html]
[honeysticks.co.uk/pages/POST.html]
[honeysticks.co.uk/collections/originals-triangles.atom]
[honeysticks.co.uk/collections/originals-triangles.oembed]
[honeysticks.co.uk/collections/originals-triangles.html]
[honeysticks.co.uk/products/POST.html]
[honeysticks.co.uk/blogs/POST.html]
[honeysticks.co.uk/cdn/shop/articles/DSC07912_copyf7ef.jpg]
[honeysticks.co.uk/blogs/honeysticks/POST]
[cdn.shopify.com/s/files/1/0553/4813/4074/files/DSC01125_480x480161b.jpg]
[cdn.shopify.com/s/files/1/0553/4813/4074/files/DSC07942_copy_480x480f3f4.jpg]
[cdn.shopify.com/s/files/1/0553/4813/4074/files/DSC07880_480x480d11d.jpg]
[cdn.shopify.com/s/files/1/0553/4813/4074/files/Copy_of_DSC08007_480x4803fd0.jpg]
[cdn.shopify.com/s/files/1/0553/4813/4074/files/DSC08069_480x480855b.jpg]
[honeysticks.co.uk/blogs/honeysticks/why-you-should-choose-beeswax-crayons-for-your-child.html]
[honeysticks.co.uk/cdn/shop/articles/Honeysticks_A_world_of_pure_creation_e3255780-acf3-48c5-8a05-bab0e7e3448f2f83.jpg]
[cdn.shopify.com/s/files/1/0080/8212/8949/files/Screenshot_2025-10-15_at_4.05.04_PM-fotor-2025101516526b782.jpg]
[honeysticks.co.uk/blogs/honeysticks/honeysticks-has-a-new-look-💛.html]
[honeysticks.co.uk/cdn/shop/articles/DSC_7366_133f4.jpg]
[cdn.shopify.com/s/files/1/0553/4813/4074/files/DSC_7366_1_600x6009f0e.jpg]
[cdn.shopify.com/s/files/1/0553/4813/4074/files/8b60cc51-ead0-455d-8523-e62b34b7e962_600x60039b3.jpg]
[cdn.shopify.com/s/files/1/0553/4813/4074/files/Sarah_Burzio2_600x600595a.jpg]
[cdn.shopify.com/s/files/1/0553/4813/4074/files/DSC09381_600x600f30c.jpg]
[honeysticks.co.uk/blogs/honeysticks/take-the-challenge-this-plastic-free-july.html]
[honeysticks.co.uk/cdn/shop/articles/DSC01012_520x500_f3dcc62f-1e0f-4767-a514-ab95477d864da3e3.jpg]
[cdn.shopify.com/s/files/1/0553/4813/4074/files/DSC09422_copy_480x48024ae.jpg]
[cdn.shopify.com/s/files/1/0553/4813/4074/files/Factory-36_480x48056d1.jpg]
[honeysticks.co.uk/blogs/honeysticks/introduction.html]
[honeysticks.co.uk/cdn/shop/articles/Kids_and_Crayons-4487-Edit_520x500_e21d72c0-b8f8-4cdf-b27a-6fc97f79ff7d9f6e.jpg]
[cdn.shopify.com/s/files/1/0553/4813/4074/files/that.makes.six_5_480x480c3f5.jpg]
[cdn.shopify.com/s/files/1/0553/4813/4074/files/Torihillyard1_480x480068b.jpg]
[honeysticks.co.uk/blogs/honeysticks/developing-pencil-grip-what-to-expect-from-your-child.html]
[honeysticks.co.uk/blogs/honeysticks/POST.html]
